                                                                                                                                                                              
                                                                                                                                                                              
X p XXXXXXXXXXXXXXXXXXXXXXXXXXXXXXXXXXXXXXXXXXXXXXXXXXXXXXXXXXXXXXXXXXXXXXXXXXXXXXXXXXXXXXXXXXXXXXXXXXXXXXXXXXXXXXXXXXXXXXXXXXXXXXXXXXXXXX         XXXXXXXX         XXXXXXXXXXX
X                                                     XX  XXXXXX  XXXX      XXXXX                                                                                          XXXX
X                                                     XX  XXXXXX  XXXX  g   XXXXX                                                                                          XXXX
X                                                   XX        XX   X    XX                                                                   d                F            XXXX
X                                                   XX        XX   X    XX                                                                                                 XXXX
X                                      X XXXX X     XX        XX   X    XX                                   i                                                             XXXX
X                            X         X X  X X     XX        XX   X X  XX   gg       XXXXXX           i                                QQ         XXXXXXXX                 XXX
X         ?e?¿?        X X             XXX  XXX     XXXX  XXXXXX   XXX  XX  XXXX      XXXXXX                 XX    i                    XX                                  XXX
X                    X X X X   X                      XX                                               XX    XX           XX           XXX                          XXXXXXXXXXX
X                  X X X X X   X X               H    XX                                               XX    XX    XX     XX          XXXX   d                F     XXXXXXXXXXX
X            gg  X X X X X X g X X      GG                   g    g                         ggg        XX    XX   gXX     XX         XXXXX                          XXXXXXXXXXX
XXXXXXXXXXXXXXXXXXXXXXXXXXXXXXXXXXXXXXXXXXXXXXXXXXXXXXXXXXXXXXXXXXXXXXXXXXXXXXXX   XXXXXXXXXXXXXXXXXXXXXXXXXXXXXXXXXXXXX  XX  XXXXXXXXXXXX         XXXXXXXX         XXXXXXXXXXX
XXXXXXXXXXXXXXXXXXXXXXXXXXXXXXXXXXXXXXXXXXXXXXXXXXXXXXXXXXXXXXXXXXXXXXXXXXXXXXXX   XXXXXXXXXXXXXXXXXXXXXXXXXXXXXXXXXXXXX  XX  XXXXXXXXXXXX         XXXXXXXX         XXXXXXXXXXX
XXXXXXXXXXXXXXXXXXXXXXXXXXXXXXXXXXXXXXXXXXXXXXXXXXXXXXXXXXXXXXXXXXXXXXXXXXXXXXXX   XXXXXXXXXXXXXXXXXXXXXXXXXXXXXXXXXXXXX  XX  XXXXXXXXXXXX         XXXXXXXX         XXXXXXXXXXX