                                                                                                                                                                               
                                                                                                                                                                               
                                                                                                                                                                               
                                                                                                                                                                               
                                                                                                                                                                               
                                                                                                                                                                               
                                                                                                                                                                               
                                                                            XX          XXXX                                                                                   
                         XXX                                                XX         XXXXXX                                                                                  
                         XXX g         XXXXXX                               XX        XXXXXXX         XXXX                                XXX                                  
                       XXXXXX          XXXXXX g               XX                      XXXXXXX        XXXXXX                               XXX                                  
 p                   XXXXXXXXX           XX                   XXXXXX                  XXXXXXX       XXXXXXXX                          ¿  XXXXXX                                
                   XXXXXXXXXXXX       ?  XX              XXXXXXXXXXXX                XXXXXXXXXXXXXXXXXXXXXXXX   XX       XX             XXXXXXXXX                              
            XXXXXXXXXXXXXXXXXXXX         XX            XXXXXXXXXXXXXXX              XXXXXXXXXXXXXXXXXXXXXXXXXX  XX       XX       XX   XXXXXXXXXXXX                            
          XXXXXXXXXXXXXXXXXXXXXXXX       XX          XXXXXXXXXXXXXXXXXXX        XXXXXXXXXXXXXXXXXXXXXXXXXXXXXXX XX       XX       XX XXXXXXXXXXXXXXXX                          
XXXXXXXXXXXXXXXXXXXXXXXXXXXXXXXXXXXXXXXX XXXXXXXXXXXXXXXXXXXXXXXXXXXXXXXXXXXXXXXXXXXXXXXXXXXXXXXXXXXXXXXXXXXXXXXXXXXXX  XXXXXXXXXXXXXXXXXXXXXXXXXXXXXXXXXXXXXXXXXXXXXXXXXXXXXXX