                                                                                                                                            XX                                
                                                                                                                                            XX                                
                                                                                                                                            XX                                
                                                                                                                                            XX                                
                                                                                                                                            XX                                
                                                                                                                                            XX                                
                                                                                                                                            XX                                
               M                                                                      bbb                                                   XX                                
 p            ??                                                                                                                            XX                                
                         ?                                                                                                                                                    
                                                        M                                    XX                                                                               
           ??                              ?                                                                                                                                  
                     XX              c                                                     ?       X   X           XX      XXXX             XX                                
                     XX                 ?        M                                                XX   XX      XX  XX     XXXXX   X         XX  XX                            
                     XXM               XXXXXXXXXXXXXXXXXXXXXXXXXXXX                        c     XXX   XXX     XX  XX    XXXXXXX  XX        XX  XX                            
XXXXXXXXXXXXXXXXXXXXXXXXXXXXXXXXXXXXXXXXXXXXXXXXXXXXXXXXXXXXXXXXXXX    XXXXXXXXXXXXXXXXXXXXXX  XXXXX   XXXXXXXXXXXXXXXXXXXXXXXXXXXXXXXXXXXX XXXXXXXXXXXXXXXXXXXXXXXXXXXXXXXXXX