                                                                                                                                            ,-              Mbbbbbbbbbbbbbbbbbb
                                                                                                                                            ,-              Mbbbbbbbbbbbbbbbbbb
                                                                                                                                            ,-              Mbbbbbbbbbbbbbbbbbb
                                                                                                                                            ,-              Mbbbbbbbbbbbbbbbbbb
                    UW                                                                                                                      ,-              Mbbbbbbbbbbbbbbbbbb
                    ]_                                                    UW                          UVVW                             678X ,-              Mbbbbbbbbbbbbbbbbbb
       UVW                              UW                                ]_                          ]^^_                             <D=` ,-       QT     Mbbbbbbbbbbbbbbbbbb
       ]^_                              ]_                                                                                             <D=` ,-   UW  YRT    Mbbbbbbbbbbbbbbbbbb
                               67778X        UVVW                                                                                      <D=` JJ   ]_  YZ\    Mbbbbbbbbbbbbbbbbbb
                               <DDD=`        ]^^_                                 6777778X                                             <D=`          YZ\    Mbbbbbbbbbbbbbbbbbb
                 678X       1223FDD=`                 QT                          <DDDDDD`   JJ                                        <D=`         QSZ\    MbbbbbbbbbLbbbbbbbb
  QT             <D=`       4CC5NDD=`              QTQS\QT QT                   122223FDD`                                             <D=`        QS[Z\    Mbbbbbbbbbbbbbbbbbb
 QS\QTQT       123F=`$% &'''(GC5NDD=`              YRSRIY\ YRT                  4CCCC5NDD`         J   J           $% QT   KKKK      123F=` JJ     Y[[Z\    Mbbbbbbbbbbbbbbbbbb
 YRIY\YRT      4C5N=`,- AEEEBOC&'''''(X  aaaaaa   QSZ[Z\Y\QSZ\  aa            &''''(G5NDD`        JJ   JJ      $%  ,- YRT KKKKK   K  4C5N=` ,-  $% Y[[ZRT   Mbbbbbbbbbbbbbbbbbb
 YZ\YRSZ\ aaa  9:;N@`,- .///0OC./////0`!""""""""""""""""""""""""""#      aaa  .////0O;NDD`       JJJ   JJJ aaa ,-  ,-QYZ\KKKKKKK  KK 9:;N=` ,-  ,- Y[[ZZ\   Mbbbbbbbbbbbbbbbbbb
""""""""""""""""""""""""""""""""""""""")**************************+    !""""""""""""""""""""à  !"""#   !""""""""""""""""""""""""""""""""""# !""""""""""""""""""""""""""""""""""