                                                                                                                                                            .HHHHHHHHHHHHHHHHHH
                                                                                                                                                            .HHHHHHHHHHHHHHHHHH
                                                                                                                                                            .HHHHHHHHHHHHHHHHHH
                                                                                                                                                            .HHHHHHHHHHHHHHHHHH
                                                                                                                                                            .HHHHHHHHHHHHHHHHHH
                                                                                                                                                            .HHHHHHHHHHHHHHHHHH
                                                                                         9;                                                                 .HHHHHHHHHHHHHHHHHH
                              EFFG                                  EG      '(          4**,                                                                .HHHHHHHHHHHHHHHHHH
         EG              568  MNNO               AD                 MO      /0         42222,                                                               .HHHHHHHHHHHHHHHHHH
         MO              =>@           566668    IBD                        <<        4222223         4*#$                                568               .HHHHHHHHHHHHHHHHHH
                       !"***,          =>>>>@   ACJL          '(                      1222223        42222,                               =>@               .HHHHHHHHHH-HHHHHHH
  AD                 !"222222,           '(    ACKJL          /0)**,                  1222223 9;    4222222,                             4***#$             .HHHHHHHHHHHHHHHHHH
 ACLADAD      9:::;!"222222222,          /0  ADIKKJL     !"**+/01222,    AD          42222222*******22222222,   '(       '(             4222222#$           .HHHHHHHHHHHHHHHHHH
 IBPILIBD   !"*****222222222222,         /0  IBCKKJBD  !"22223/012222,   IBD        4222222222222222222222222,  /0       /0       '(   4222222222#$         .HHHHHHHHHHHHHHHHHH
 IJLIBCJL !"22222222222222222222#$ 9::;  /0 ACJKKKJJL!"2222222**222222#$ACJL9::;!"**22222222222222222222222222, /0 9;    /0 9:::; /0 !"222222222222#$       .HHHHHHHHHHHHHHHHHH
**********222222222222222222222222*****+ )***********2222222222222222222********2222222222222222222222222222222******+  )********+/0)2222222222222222**************************